Archive member included to satisfy reference by file (symbol)

../../STM32F10x_StdPeriph_Driver/Release/libstm32f103.a(misc.o)
                              objs/userio.o (NVIC_Init)
../../STM32F10x_StdPeriph_Driver/Release/libstm32f103.a(stm32f10x_dma.o)
                              objs/spi.o (DMA_Init)
../../STM32F10x_StdPeriph_Driver/Release/libstm32f103.a(stm32f10x_exti.o)
                              objs/userio.o (EXTI_Init)
../../STM32F10x_StdPeriph_Driver/Release/libstm32f103.a(stm32f10x_flash.o)
                              objs/hw_config.o (FLASH_SetLatency)
../../STM32F10x_StdPeriph_Driver/Release/libstm32f103.a(stm32f10x_gpio.o)
                              objs/userio.o (GPIO_Init)
../../STM32F10x_StdPeriph_Driver/Release/libstm32f103.a(stm32f10x_i2c.o)
                              objs/i2c.o (I2C_DeInit)
../../STM32F10x_StdPeriph_Driver/Release/libstm32f103.a(stm32f10x_rcc.o)
                              objs/hw_config.o (RCC_DeInit)
../../STM32F10x_StdPeriph_Driver/Release/libstm32f103.a(stm32f10x_spi.o)
                              objs/spi.o (SPI_Init)
../../STM32F10x_StdPeriph_Driver/Release/libstm32f103.a(stm32f10x_tim.o)
                              objs/main.o (TIM_TimeBaseInit)
../../STM32F10x_StdPeriph_Driver/Release/libstm32f103.a(stm32f10x_usart.o)
                              objs/usart.o (USART_Init)
../../Embedded_GUI_Library/Release/libstm32f103.a(graphicObject.o)
                              objs/stm32f10x_it.o (TimingDelay_Decrement)
../../Embedded_GUI_Library/Release/libstm32f103.a(images.o)
                              ../../Embedded_GUI_Library/Release/libstm32f103.a(graphicObject.o) (SlidebarCursor)
../../Embedded_GUI_Library/Release/libstm32f103.a(cursor.o)
                              ../../Embedded_GUI_Library/Release/libstm32f103.a(graphicObject.o) (Cursor)
/usr/lib/gcc/arm-none-eabi/4.8/armv7-m/libgcc.a(_arm_addsubdf3.o)
                              ../../Embedded_GUI_Library/Release/libstm32f103.a(graphicObject.o) (__aeabi_dsub)
/usr/lib/gcc/arm-none-eabi/4.8/armv7-m/libgcc.a(_arm_muldivdf3.o)
                              ../../Embedded_GUI_Library/Release/libstm32f103.a(graphicObject.o) (__aeabi_dmul)
/usr/lib/gcc/arm-none-eabi/4.8/armv7-m/libgcc.a(_arm_cmpdf2.o)
                              ../../Embedded_GUI_Library/Release/libstm32f103.a(graphicObject.o) (__aeabi_dcmplt)
/usr/lib/gcc/arm-none-eabi/4.8/armv7-m/libgcc.a(_arm_fixunsdfsi.o)
                              ../../Embedded_GUI_Library/Release/libstm32f103.a(graphicObject.o) (__aeabi_d2uiz)
/usr/lib/gcc/arm-none-eabi/4.8/../../../arm-none-eabi/lib/armv7-m/libg.a(lib_a-atexit.o)
                              /usr/lib/gcc/arm-none-eabi/4.8/../../../arm-none-eabi/lib/armv7-m/crt0.o (atexit)
/usr/lib/gcc/arm-none-eabi/4.8/../../../arm-none-eabi/lib/armv7-m/libg.a(lib_a-exit.o)
                              /usr/lib/gcc/arm-none-eabi/4.8/../../../arm-none-eabi/lib/armv7-m/crt0.o (exit)
/usr/lib/gcc/arm-none-eabi/4.8/../../../arm-none-eabi/lib/armv7-m/libg.a(lib_a-fini.o)
                              /usr/lib/gcc/arm-none-eabi/4.8/../../../arm-none-eabi/lib/armv7-m/crt0.o (__libc_fini_array)
/usr/lib/gcc/arm-none-eabi/4.8/../../../arm-none-eabi/lib/armv7-m/libg.a(lib_a-impure.o)
                              /usr/lib/gcc/arm-none-eabi/4.8/../../../arm-none-eabi/lib/armv7-m/libg.a(lib_a-exit.o) (_global_impure_ptr)
/usr/lib/gcc/arm-none-eabi/4.8/../../../arm-none-eabi/lib/armv7-m/libg.a(lib_a-init.o)
                              /usr/lib/gcc/arm-none-eabi/4.8/../../../arm-none-eabi/lib/armv7-m/crt0.o (__libc_init_array)
/usr/lib/gcc/arm-none-eabi/4.8/../../../arm-none-eabi/lib/armv7-m/libg.a(lib_a-malloc.o)
                              ../../Embedded_GUI_Library/Release/libstm32f103.a(graphicObject.o) (malloc)
/usr/lib/gcc/arm-none-eabi/4.8/../../../arm-none-eabi/lib/armv7-m/libg.a(lib_a-mallocr.o)
                              /usr/lib/gcc/arm-none-eabi/4.8/../../../arm-none-eabi/lib/armv7-m/libg.a(lib_a-malloc.o) (_malloc_r)
/usr/lib/gcc/arm-none-eabi/4.8/../../../arm-none-eabi/lib/armv7-m/libg.a(lib_a-memcpy.o)
                              ../../Embedded_GUI_Library/Release/libstm32f103.a(graphicObject.o) (memcpy)
/usr/lib/gcc/arm-none-eabi/4.8/../../../arm-none-eabi/lib/armv7-m/libg.a(lib_a-memset.o)
                              /usr/lib/gcc/arm-none-eabi/4.8/../../../arm-none-eabi/lib/armv7-m/crt0.o (memset)
/usr/lib/gcc/arm-none-eabi/4.8/../../../arm-none-eabi/lib/armv7-m/libg.a(lib_a-mlock.o)
                              /usr/lib/gcc/arm-none-eabi/4.8/../../../arm-none-eabi/lib/armv7-m/libg.a(lib_a-mallocr.o) (__malloc_lock)
/usr/lib/gcc/arm-none-eabi/4.8/../../../arm-none-eabi/lib/armv7-m/libg.a(lib_a-sbrkr.o)
                              /usr/lib/gcc/arm-none-eabi/4.8/../../../arm-none-eabi/lib/armv7-m/libg.a(lib_a-mallocr.o) (_sbrk_r)
/usr/lib/gcc/arm-none-eabi/4.8/../../../arm-none-eabi/lib/armv7-m/libg.a(lib_a-sprintf.o)
[...]
Memory Configuration

Name             Origin             Length             Attributes
RAM              0x0000000020000000 0x0000000000005000 xrw
FLASH            0x0000000008000000 0x0000000000010000 xr
*default*        0x0000000000000000 0xffffffffffffffff

Linker script and memory map

LOAD /usr/lib/gcc/arm-none-eabi/4.8/armv7-m/crti.o
LOAD /usr/lib/gcc/arm-none-eabi/4.8/armv7-m/crtbegin.o
LOAD /usr/lib/gcc/arm-none-eabi/4.8/../../../arm-none-eabi/lib/armv7-m/crt0.o
LOAD /usr/lib/gcc/arm-none-eabi/4.8/../../../arm-none-eabi/lib/armv7-m/libm.a
LOAD objs/userio.o
LOAD objs/outputs.o
LOAD objs/display.o
LOAD objs/midi.o
LOAD objs/syscalls.o
LOAD objs/hw_config.o
LOAD objs/spi.o
LOAD objs/stm32f10x_it.o
LOAD objs/configmenu.o
LOAD objs/main.o
LOAD objs/system_stm32f10x.o
LOAD objs/eeprom.o
LOAD objs/i2c.o
LOAD objs/usart.o
LOAD objs/core_cm3.o
LOAD objs/startup_stm32f10x_md.o
LOAD ../../STM32F10x_StdPeriph_Driver/Release/libstm32f103.a
LOAD /opt/stm32arm/arm-none-eabi/lib/thumb/libm.a
LOAD ../../Embedded_GUI_HAL/Release/libstm32f103.a
LOAD ../../Embedded_GUI_Library/Release/libstm32f103.a
START GROUP
LOAD /usr/lib/gcc/arm-none-eabi/4.8/armv7-m/libgcc.a
LOAD /usr/lib/gcc/arm-none-eabi/4.8/../../../arm-none-eabi/lib/armv7-m/libg.a
LOAD /usr/lib/gcc/arm-none-eabi/4.8/../../../arm-none-eabi/lib/armv7-m/libc.a
END GROUP
LOAD /usr/lib/gcc/arm-none-eabi/4.8/armv7-m/crtend.o
LOAD /usr/lib/gcc/arm-none-eabi/4.8/armv7-m/crtn.o
                0x0000000000000800                __Stack_Size = 0x800
                0x0000000000000800                PROVIDE (_Stack_Size, __Stack_Size)
                0x0000000020004800                __Stack_Init = (_estack - __Stack_Size)
                0x0000000020004800                PROVIDE (_Stack_Init, __Stack_Init)
                0x0000000000000800                _Minimum_Stack_Size = 0x800
                0x0000000000000000                PROVIDE (Undefined_Handler, 0x0)
                0x0000000000000000                PROVIDE (SWI_Handler, 0x0)
                0x0000000000000000                PROVIDE (IRQ_Handler, 0x0)
                0x0000000000000000                PROVIDE (Prefetch_Handler, 0x0)
                0x0000000000000000                PROVIDE (Abort_Handler, 0x0)
                0x0000000000000000                PROVIDE (FIQ_Handler, 0x0)
                0x0000000000000000                PROVIDE (NMIException, 0x0)
                0x0000000000000000                PROVIDE (HardFaultException, 0x0)
                0x0000000000000000                PROVIDE (MemManageException, 0x0)
                0x0000000000000000                PROVIDE (BusFaultException, 0x0)
                0x0000000000000000                PROVIDE (UsageFaultException, 0x0)
                0x0000000000000000                PROVIDE (DebugMonitor, 0x0)
                0x0000000000000000                PROVIDE (WWDG_IRQHandler, 0x0)
                0x0000000000000000                PROVIDE (PVD_IRQHandler, 0x0)
                0x0000000000000000                PROVIDE (TAMPER_IRQHandler, 0x0)
                0x0000000000000000                PROVIDE (RTC_IRQHandler, 0x0)
                0x0000000000000000                PROVIDE (FLASH_IRQHandler, 0x0)
                0x0000000000000000                PROVIDE (RCC_IRQHandler, 0x0)
                0x0000000000000000                PROVIDE (EXTI0_IRQHandler, 0x0)
                0x0000000000000000                PROVIDE (EXTI1_IRQHandler, 0x0)
                0x0000000000000000                PROVIDE (EXTI2_IRQHandler, 0x0)
                0x0000000000000000                PROVIDE (EXTI3_IRQHandler, 0x0)
                0x0000000000000000                PROVIDE (EXTI4_IRQHandler, 0x0)
                0x0000000000000000                PROVIDE (DMAChannel1_IRQHandler, 0x0)
                0x0000000000000000                PROVIDE (DMAChannel2_IRQHandler, 0x0)
                0x0000000000000000                PROVIDE (DMAChannel3_IRQHandler, 0x0)
                0x0000000000000000                PROVIDE (DMAChannel4_IRQHandler, 0x0)
                0x0000000000000000                PROVIDE (DMAChannel5_IRQHandler, 0x0)
                0x0000000000000000                PROVIDE (DMAChannel6_IRQHandler, 0x0)
                0x0000000000000000                PROVIDE (DMAChannel7_IRQHandler, 0x0)
                0x0000000000000000                PROVIDE (ADC_IRQHandler, 0x0)
                0x0000000000000000                PROVIDE (USB_HP_CAN_TX_IRQHandler, 0x0)
                0x0000000000000000                PROVIDE (USB_LP_CAN_RX0_IRQHandler, 0x0)
                0x0000000000000000                PROVIDE (CAN_RX1_IRQHandler, 0x0)
                0x0000000000000000                PROVIDE (CAN_SCE_IRQHandler, 0x0)
                0x0000000000000000                PROVIDE (EXTI9_5_IRQHandler, 0x0)
                0x0000000000000000                PROVIDE (TIM1_BRK_IRQHandler, 0x0)
                0x0000000000000000                PROVIDE (TIM1_UP_IRQHandler, 0x0)
                0x0000000000000000                PROVIDE (TIM1_TRG_COM_IRQHandler, 0x0)
                0x0000000000000000                PROVIDE (TIM1_CC_IRQHandler, 0x0)
                0x0000000000000000                PROVIDE (TIM2_IRQHandler, 0x0)
                0x0000000000000000                PROVIDE (TIM3_IRQHandler, 0x0)
                0x0000000000000000                PROVIDE (TIM4_IRQHandler, 0x0)
                0x0000000000000000                PROVIDE (I2C1_EV_IRQHandler, 0x0)
                0x0000000000000000                PROVIDE (I2C1_ER_IRQHandler, 0x0)
                0x0000000000000000                PROVIDE (I2C2_EV_IRQHandler, 0x0)
                0x0000000000000000                PROVIDE (I2C2_ER_IRQHandler, 0x0)
                0x0000000000000000                PROVIDE (SPI1_IRQHandler, 0x0)
                0x0000000000000000                PROVIDE (SPI2_IRQHandler, 0x0)
                0x0000000000000000                PROVIDE (USART1_IRQHandler, 0x0)
                0x0000000000000000                PROVIDE (USART2_IRQHandler, 0x0)
                0x0000000000000000                PROVIDE (USART3_IRQHandler, 0x0)
                0x0000000000000000                PROVIDE (EXTI15_10_IRQHandler, 0x0)
                0x0000000000000000                PROVIDE (RTCAlarm_IRQHandler, 0x0)
                0x0000000000000000                PROVIDE (USBWakeUp_IRQHandler, 0x0)
                0x0000000042000000                PERIPH_BB_BASE = 0x42000000
                0x0000000022000000                SRAM_BB_BASE = 0x22000000
                0x0000000020000000                SRAM_BASE = 0x20000000
                0x0000000040000000                PERIPH_BASE = 0x40000000
                0x0000000040022000                PROVIDE (FLASH_BASE, 0x40022000)
                0x000000001ffff800                PROVIDE (OB_BASE, 0x1ffff800)
                0x0000000040000000                APB1PERIPH_BASE = PERIPH_BASE
                0x0000000040010000                APB2PERIPH_BASE = (PERIPH_BASE + 0x10000)
                0x0000000040020000                AHBPERIPH_BASE = (PERIPH_BASE + 0x20000)
                0x0000000040000000                PROVIDE (TIM2, (APB1PERIPH_BASE + 0x0))
                0x0000000040000400                PROVIDE (TIM3, (APB1PERIPH_BASE + 0x400))
                0x0000000040000800                PROVIDE (TIM4, (APB1PERIPH_BASE + 0x800))
                0x0000000040002800                PROVIDE (RTC, (APB1PERIPH_BASE + 0x2800))
                0x0000000040002c00                PROVIDE (WWDG, (APB1PERIPH_BASE + 0x2c00))
                0x0000000040003000                PROVIDE (IWDG, (APB1PERIPH_BASE + 0x3000))
                0x0000000040003800                PROVIDE (SPI2, (APB1PERIPH_BASE + 0x3800))
                0x0000000040004400                PROVIDE (USART2, (APB1PERIPH_BASE + 0x4400))
                0x0000000040004800                PROVIDE (USART3, (APB1PERIPH_BASE + 0x4800))
                0x0000000040005400                PROVIDE (I2C1, (APB1PERIPH_BASE + 0x5400))
                0x0000000040005800                PROVIDE (I2C2, (APB1PERIPH_BASE + 0x5800))
                0x0000000040006400                PROVIDE (CAN, (APB1PERIPH_BASE + 0x6400))
                0x0000000040006c00                PROVIDE (BKP, (APB1PERIPH_BASE + 0x6c00))
                0x0000000040007000                PROVIDE (PWR, (APB1PERIPH_BASE + 0x7000))
                0x0000000040010000                PROVIDE (AFIO, (APB2PERIPH_BASE + 0x0))
                0x0000000040010400                PROVIDE (EXTI, (APB2PERIPH_BASE + 0x400))
                0x0000000040010800                PROVIDE (GPIOA, (APB2PERIPH_BASE + 0x800))
                0x0000000040010c00                PROVIDE (GPIOB, (APB2PERIPH_BASE + 0xc00))
                0x0000000040011000                PROVIDE (GPIOC, (APB2PERIPH_BASE + 0x1000))
                0x0000000040011400                PROVIDE (GPIOD, (APB2PERIPH_BASE + 0x1400))
                0x0000000040011800                PROVIDE (GPIOE, (APB2PERIPH_BASE + 0x1800))
                0x0000000040012400                PROVIDE (ADC1, (APB2PERIPH_BASE + 0x2400))
                0x0000000040012800                PROVIDE (ADC2, (APB2PERIPH_BASE + 0x2800))
                0x0000000040012c00                PROVIDE (TIM1, (APB2PERIPH_BASE + 0x2c00))
                0x0000000040013000                PROVIDE (SPI1, (APB2PERIPH_BASE + 0x3000))
                0x0000000040013800                PROVIDE (USART1, (APB2PERIPH_BASE + 0x3800))
                0x0000000040020000                PROVIDE (DMA, (AHBPERIPH_BASE + 0x0))
                0x0000000040020008                PROVIDE (DMA_Channel1, (AHBPERIPH_BASE + 0x8))
                0x000000004002001c                PROVIDE (DMA_Channel2, (AHBPERIPH_BASE + 0x1c))
                0x0000000040020030                PROVIDE (DMA_Channel3, (AHBPERIPH_BASE + 0x30))
                0x0000000040020044                PROVIDE (DMA_Channel4, (AHBPERIPH_BASE + 0x44))
                0x0000000040020058                PROVIDE (DMA_Channel5, (AHBPERIPH_BASE + 0x58))
                0x000000004002006c                PROVIDE (DMA_Channel6, (AHBPERIPH_BASE + 0x6c))
                0x0000000040020080                PROVIDE (DMA_Channel7, (AHBPERIPH_BASE + 0x80))
                0x0000000040021000                PROVIDE (RCC, (AHBPERIPH_BASE + 0x1000))
                0x00000000e000e000                SCS_BASE = 0xe000e000
                0x00000000e000e010                PROVIDE (SysTick, (SCS_BASE + 0x10))
                0x00000000e000e100                PROVIDE (NVIC, (SCS_BASE + 0x100))
                0x00000000e000ed00                PROVIDE (SCB, (SCS_BASE + 0xd00))
                0x0000000020005000                _estack = 0x20005000

.isr_vector     0x0000000008000000      0x10c
                0x0000000008000000                . = ALIGN (0x4)
 *(.isr_vector)
 .isr_vector    0x0000000008000000      0x10c objs/startup_stm32f10x_md.o
                0x0000000008000000                g_pfnVectors
                0x000000000800010c                . = ALIGN (0x4)

.text           0x000000000800010c     0x3554
 *(.text .text.* .gnu.linkonce.t.*)
 .text          0x000000000800010c       0xac /usr/lib/gcc/arm-none-eabi/4.8/armv7-m/crtbegin.o
 .text.input_dispatch
                0x00000000080001b8       0xa8 objs/userio.o
                0x00000000080001b8                input_dispatch
 .text.channelled_display_channel
                0x0000000008000260       0x40 objs/userio.o
                0x0000000008000260                channelled_display_channel
 .text.display_blink
                0x00000000080002a0       0x38 objs/userio.o
                0x00000000080002a0                display_blink
 .text.segment_display_number
                0x00000000080002d8       0xa8 objs/userio.o
                0x00000000080002d8                segment_display_number
 .text.segment_display_float_text
                0x0000000008000380       0x94 objs/userio.o
                0x0000000008000380                segment_display_float_text
 .text.segment_display_float_text_update
                0x0000000008000414       0x80 objs/userio.o
                0x0000000008000414                segment_display_float_text_update
 .text.poti_display_data
                0x0000000008000494       0x80 objs/userio.o
                0x0000000008000494                poti_display_data
 .text.userio_setup
                0x0000000008000514       0x68 objs/userio.o
                0x0000000008000514                userio_setup
 .text.userio_IRQHandler
                0x000000000800057c       0x20 objs/userio.o
                0x000000000800057c                userio_IRQHandler
 .text.led_controller_hardware_init
                0x000000000800059c       0x60 objs/outputs.o
                0x000000000800059c                led_controller_hardware_init
 .text.poti_hardware_init
                0x00000000080005fc       0x3c objs/outputs.o
                0x00000000080005fc                poti_hardware_init
 .text.midi_setup
                0x0000000008000638       0x34 objs/midi.o
                0x0000000008000638                midi_setup
 .text.midi_enable
                0x000000000800066c       0x18 objs/midi.o
                0x000000000800066c                midi_enable
 .text.midi_disable
                0x0000000008000684       0x18 objs/midi.o
                0x0000000008000684                midi_disable
 .text.midi_message_dispatcher
                0x000000000800069c       0xac objs/midi.o
                0x000000000800069c                midi_message_dispatcher
 .text._sbrk    0x0000000008000748       0x40 objs/syscalls.o
                0x0000000008000748                _sbrk
 .text.NVIC_SetPriority
                0x0000000008000788       0x54 objs/hw_config.o
 .text.SysTick_Config
                0x00000000080007dc       0x44 objs/hw_config.o
 .text.NVIC_Configuration
                0x0000000008000820       0x1c objs/hw_config.o
                0x0000000008000820                NVIC_Configuration
 .text.RCC_Configuration
                0x000000000800083c       0x9c objs/hw_config.o
                0x000000000800083c                RCC_Configuration
 .text.powergood
                0x00000000080008d8       0x48 objs/hw_config.o
                0x00000000080008d8                powergood
 .text.setup_powergood
                0x0000000008000920       0x30 objs/hw_config.o
                0x0000000008000920                setup_powergood
 .text.SPI2_send
                0x0000000008000950       0xcc objs/spi.o
                0x0000000008000950                SPI2_send
 .text.SPI2_BusInit
                0x0000000008000a1c      0x164 objs/spi.o
                0x0000000008000a1c                SPI2_BusInit
 .text.spi_handleDMA1Ch4Interrupt
                0x0000000008000b80      0x1a4 objs/spi.o
                0x0000000008000b80                spi_handleDMA1Ch4Interrupt
 .text.NMI_Handler
                0x0000000008000d24        0xc objs/stm32f10x_it.o
                0x0000000008000d24                NMI_Handler
 .text.HardFault_Handler
                0x0000000008000d30        0x8 objs/stm32f10x_it.o
                0x0000000008000d30                HardFault_Handler
 .text.MemManage_Handler
                0x0000000008000d38        0x8 objs/stm32f10x_it.o
                0x0000000008000d38                MemManage_Handler
 .text.BusFault_Handler
                0x0000000008000d40        0x8 objs/stm32f10x_it.o
                0x0000000008000d40                BusFault_Handler
 .text.UsageFault_Handler
                0x0000000008000d48        0x8 objs/stm32f10x_it.o
                0x0000000008000d48                UsageFault_Handler
 .text.SVC_Handler
                0x0000000008000d50        0xc objs/stm32f10x_it.o
                0x0000000008000d50                SVC_Handler
 .text.DebugMon_Handler
                0x0000000008000d5c        0xc objs/stm32f10x_it.o
                0x0000000008000d5c                DebugMon_Handler
 .text.PendSV_Handler
                0x0000000008000d68        0xc objs/stm32f10x_it.o
                0x0000000008000d68                PendSV_Handler
 .text.SysTick_Handler
                0x0000000008000d74        0xc objs/stm32f10x_it.o
                0x0000000008000d74                SysTick_Handler
 .text.DMA1_Channel4_IRQHandler
                0x0000000008000d80       0x14 objs/stm32f10x_it.o
                0x0000000008000d80                DMA1_Channel4_IRQHandler
 .text.DMA1_Channel2_IRQHandler
                0x0000000008000d94        0xc objs/stm32f10x_it.o
                0x0000000008000d94                DMA1_Channel2_IRQHandler
 .text.I2C1_EV_IRQHandler
                0x0000000008000da0        0xc objs/stm32f10x_it.o
                0x0000000008000da0                I2C1_EV_IRQHandler
 .text.I2C1_ER_IRQHandler
                0x0000000008000dac        0xc objs/stm32f10x_it.o
                0x0000000008000dac                I2C1_ER_IRQHandler
 .text.I2C2_EV_IRQHandler
                0x0000000008000db8        0xc objs/stm32f10x_it.o
                0x0000000008000db8                I2C2_EV_IRQHandler
 .text.I2C2_ER_IRQHandler
                0x0000000008000dc4        0xc objs/stm32f10x_it.o
                0x0000000008000dc4                I2C2_ER_IRQHandler
 .text.USART2_IRQHandler
                0x0000000008000dd0        0xc objs/stm32f10x_it.o
                0x0000000008000dd0                USART2_IRQHandler
 .text.EXTI1_IRQHandler
                0x0000000008000ddc        0xc objs/stm32f10x_it.o
                0x0000000008000ddc                EXTI1_IRQHandler
 .text.configmenu_init
                0x0000000008000de8       0x18 objs/configmenu.o
                0x0000000008000de8                configmenu_init
 .text.configmenu
                0x0000000008000e00       0x38 objs/configmenu.o
                0x0000000008000e00                configmenu
 .text.configmenu_landing
                0x0000000008000e38      0x158 objs/configmenu.o
                0x0000000008000e38                configmenu_landing
 .text.configmenu_midichange
                0x0000000008000f90       0xac objs/configmenu.o
                0x0000000008000f90                configmenu_midichange
 .text.main     0x000000000800103c      0x1d8 objs/main.o
                0x000000000800103c                main
 .text.InitializeTimer
                0x0000000008001214       0x64 objs/main.o
                0x0000000008001214                InitializeTimer
 .text.TIM3_IRQHandler
                0x0000000008001278       0x44 objs/main.o
                0x0000000008001278                TIM3_IRQHandler
 .text.SystemInit
                0x00000000080012bc       0x68 objs/system_stm32f10x.o
                0x00000000080012bc                SystemInit
 .text.SetSysClock
                0x0000000008001324        0xc objs/system_stm32f10x.o
 .text.SetSysClockTo72
                0x0000000008001330      0x100 objs/system_stm32f10x.o
 .text.eeprom_hardware_init
                0x0000000008001430       0x3c objs/eeprom.o
                0x0000000008001430                eeprom_hardware_init
 .text.eeprom_read
                0x000000000800146c      0x138 objs/eeprom.o
                0x000000000800146c                eeprom_read
 .text.NVIC_EnableIRQ
                0x00000000080015a4       0x30 objs/i2c.o
 .text.NVIC_SetPriority
                0x00000000080015d4       0x54 objs/i2c.o
 .text.I2C_NVIC_Configuration
                0x0000000008001628       0x50 objs/i2c.o
                0x0000000008001628                I2C_NVIC_Configuration
 .text.I2C_Master_BufferRead
                0x0000000008001678       0xd4 objs/i2c.o
                0x0000000008001678                I2C_Master_BufferRead
 .text.I2C_Master_BufferWrite
                0x000000000800174c       0xe8 objs/i2c.o
                0x000000000800174c                I2C_Master_BufferWrite
 .text.I2C_Slave_BufferReadWrite
                0x0000000008001834       0x44 objs/i2c.o
                0x0000000008001834                I2C_Slave_BufferReadWrite
 .text.I2C_LowLevel_Init
                0x0000000008001878      0x18c objs/i2c.o
                0x0000000008001878                I2C_LowLevel_Init
 .text.I2C1_Event_IRQHandler
                0x0000000008001a04      0x278 objs/i2c.o
                0x0000000008001a04                I2C1_Event_IRQHandler
 .text.I2C2_Event_IRQHandler
                0x0000000008001c7c      0x278 objs/i2c.o
                0x0000000008001c7c                I2C2_Event_IRQHandler
 .text.I2C2_Error_IRQHandler
                0x0000000008001ef4      0x154 objs/i2c.o
                0x0000000008001ef4                I2C2_Error_IRQHandler
 .text.I2C1_Error_IRQHandler
                0x0000000008002048      0x154 objs/i2c.o
                0x0000000008002048                I2C1_Error_IRQHandler
 .text.NVIC_EnableIRQ
                0x000000000800219c       0x30 objs/usart.o
 .text.USART_2_Configuration
                0x00000000080021cc       0xb8 objs/usart.o
                0x00000000080021cc                USART_2_Configuration
 .text.USART2_InterruptHandler
                0x0000000008002284       0x78 objs/usart.o
                0x0000000008002284                USART2_InterruptHandler
 .text.__REV    0x00000000080022fc       0x20 objs/core_cm3.o
                0x00000000080022fc                __REV
 .text.Reset_Handler
                0x000000000800231c       0x48 objs/startup_stm32f10x_md.o
                0x000000000800231c                Reset_Handler
 .text.Default_Handler
                0x0000000008002364        0x2 objs/startup_stm32f10x_md.o
                0x0000000008002364                EXTI2_IRQHandler
                0x0000000008002364                TIM1_CC_IRQHandler
                0x0000000008002364                PVD_IRQHandler
                0x0000000008002364                EXTI3_IRQHandler
                0x0000000008002364                EXTI0_IRQHandler
                0x0000000008002364                ADC1_2_IRQHandler
                0x0000000008002364                SPI1_IRQHandler
                0x0000000008002364                TAMPER_IRQHandler
                0x0000000008002364                USART3_IRQHandler
                0x0000000008002364                RTC_IRQHandler
                0x0000000008002364                DMA1_Channel7_IRQHandler
                0x0000000008002364                CAN1_RX1_IRQHandler
                0x0000000008002364                TIM4_IRQHandler
                0x0000000008002364                DMA1_Channel6_IRQHandler
                0x0000000008002364                RCC_IRQHandler
                0x0000000008002364                TIM1_TRG_COM_IRQHandler
                0x0000000008002364                DMA1_Channel1_IRQHandler
                0x0000000008002364                Default_Handler
                0x0000000008002364                EXTI15_10_IRQHandler
                0x0000000008002364                EXTI9_5_IRQHandler
                0x0000000008002364                SPI2_IRQHandler
                0x0000000008002364                DMA1_Channel5_IRQHandler
                0x0000000008002364                EXTI4_IRQHandler
                0x0000000008002364                USB_LP_CAN1_RX0_IRQHandler
                0x0000000008002364                USB_HP_CAN1_TX_IRQHandler
                0x0000000008002364                DMA1_Channel3_IRQHandler
                0x0000000008002364                TIM1_UP_IRQHandler
                0x0000000008002364                WWDG_IRQHandler
                0x0000000008002364                TIM2_IRQHandler
                0x0000000008002364                TIM1_BRK_IRQHandler
                0x0000000008002364                RTCAlarm_IRQHandler
                0x0000000008002364                CAN1_SCE_IRQHandler
                0x0000000008002364                FLASH_IRQHandler
                0x0000000008002364                USART1_IRQHandler
                0x0000000008002364                USBWakeUp_IRQHandler
 *fill*         0x0000000008002366        0x2 
 .text.NVIC_Init
                0x0000000008002368       0x68 ../../STM32F10x_StdPeriph_Driver/Release/libstm32f103.a(misc.o)
                0x0000000008002368                NVIC_Init
 .text.NVIC_SetVectorTable
                0x00000000080023d0       0x14 ../../STM32F10x_StdPeriph_Driver/Release/libstm32f103.a(misc.o)
                0x00000000080023d0                NVIC_SetVectorTable
 .text.DMA_Init
                0x00000000080023e4       0x3e ../../STM32F10x_StdPeriph_Driver/Release/libstm32f103.a(stm32f10x_dma.o)
                0x00000000080023e4                DMA_Init
 .text.DMA_Cmd  0x0000000008002422       0x16 ../../STM32F10x_StdPeriph_Driver/Release/libstm32f103.a(stm32f10x_dma.o)
                0x0000000008002422                DMA_Cmd
 .text.DMA_ITConfig
                0x0000000008002438       0x10 ../../STM32F10x_StdPeriph_Driver/Release/libstm32f103.a(stm32f10x_dma.o)
                0x0000000008002438                DMA_ITConfig
 .text.DMA_SetCurrDataCounter
                0x0000000008002448        0x4 ../../STM32F10x_StdPeriph_Driver/Release/libstm32f103.a(stm32f10x_dma.o)
                0x0000000008002448                DMA_SetCurrDataCounter
 .text.DMA_GetFlagStatus
                0x000000000800244c       0x1c ../../STM32F10x_StdPeriph_Driver/Release/libstm32f103.a(stm32f10x_dma.o)
                0x000000000800244c                DMA_GetFlagStatus
 .text.DMA_ClearFlag
                0x0000000008002468       0x14 ../../STM32F10x_StdPeriph_Driver/Release/libstm32f103.a(stm32f10x_dma.o)
                0x0000000008002468                DMA_ClearFlag
 .text.DMA_GetITStatus
                0x000000000800247c       0x1c ../../STM32F10x_StdPeriph_Driver/Release/libstm32f103.a(stm32f10x_dma.o)
                0x000000000800247c                DMA_GetITStatus
 .text.DMA_ClearITPendingBit
                0x0000000008002498       0x14 ../../STM32F10x_StdPeriph_Driver/Release/libstm32f103.a(stm32f10x_dma.o)
                0x0000000008002498                DMA_ClearITPendingBit
 .text.EXTI_Init
                0x00000000080024ac       0x84 ../../STM32F10x_StdPeriph_Driver/Release/libstm32f103.a(stm32f10x_exti.o)
                0x00000000080024ac                EXTI_Init
 .text.EXTI_ClearITPendingBit
                0x0000000008002530        0xc ../../STM32F10x_StdPeriph_Driver/Release/libstm32f103.a(stm32f10x_exti.o)
                0x0000000008002530                EXTI_ClearITPendingBit
 .text.FLASH_SetLatency
                0x000000000800253c       0x14 ../../STM32F10x_StdPeriph_Driver/Release/libstm32f103.a(stm32f10x_flash.o)
                0x000000000800253c                FLASH_SetLatency
 .text.FLASH_PrefetchBufferCmd
                0x0000000008002550       0x18 ../../STM32F10x_StdPeriph_Driver/Release/libstm32f103.a(stm32f10x_flash.o)
                0x0000000008002550                FLASH_PrefetchBufferCmd
 .text.GPIO_Init
                0x0000000008002568       0xa0 ../../STM32F10x_StdPeriph_Driver/Release/libstm32f103.a(stm32f10x_gpio.o)
                0x0000000008002568                GPIO_Init
 .text.GPIO_ReadInputDataBit
                0x0000000008002608        0xc ../../STM32F10x_StdPeriph_Driver/Release/libstm32f103.a(stm32f10x_gpio.o)
                0x0000000008002608                GPIO_ReadInputDataBit
 .text.GPIO_WriteBit
                0x0000000008002614        0xa ../../STM32F10x_StdPeriph_Driver/Release/libstm32f103.a(stm32f10x_gpio.o)
                0x0000000008002614                GPIO_WriteBit
 .text.GPIO_EXTILineConfig
                0x000000000800261e       0x2a ../../STM32F10x_StdPeriph_Driver/Release/libstm32f103.a(stm32f10x_gpio.o)
                0x000000000800261e                GPIO_EXTILineConfig
 .text.I2C_DeInit
                0x0000000008002648       0x34 ../../STM32F10x_StdPeriph_Driver/Release/libstm32f103.a(stm32f10x_i2c.o)
                0x0000000008002648                I2C_DeInit
 .text.I2C_Init
                0x000000000800267c       0xd4 ../../STM32F10x_StdPeriph_Driver/Release/libstm32f103.a(stm32f10x_i2c.o)
                0x000000000800267c                I2C_Init
 .text.I2C_Cmd  0x0000000008002750       0x18 ../../STM32F10x_StdPeriph_Driver/Release/libstm32f103.a(stm32f10x_i2c.o)
                0x0000000008002750                I2C_Cmd
 .text.I2C_GenerateSTOP
                0x0000000008002768       0x18 ../../STM32F10x_StdPeriph_Driver/Release/libstm32f103.a(stm32f10x_i2c.o)
                0x0000000008002768                I2C_GenerateSTOP
 .text.I2C_ITConfig
                0x0000000008002780       0x12 ../../STM32F10x_StdPeriph_Driver/Release/libstm32f103.a(stm32f10x_i2c.o)
                0x0000000008002780                I2C_ITConfig
 .text.I2C_GetFlagStatus
                0x0000000008002792       0x34 ../../STM32F10x_StdPeriph_Driver/Release/libstm32f103.a(stm32f10x_i2c.o)
                0x0000000008002792                I2C_GetFlagStatus
 *fill*         0x00000000080027c6        0x2 
 .text.RCC_DeInit
                0x00000000080027c8       0x40 ../../STM32F10x_StdPeriph_Driver/Release/libstm32f103.a(stm32f10x_rcc.o)
                0x00000000080027c8                RCC_DeInit
 .text.RCC_HSEConfig
                0x0000000008002808       0x38 ../../STM32F10x_StdPeriph_Driver/Release/libstm32f103.a(stm32f10x_rcc.o)
                0x0000000008002808                RCC_HSEConfig
 .text.RCC_PLLConfig
                0x0000000008002840       0x14 ../../STM32F10x_StdPeriph_Driver/Release/libstm32f103.a(stm32f10x_rcc.o)
                0x0000000008002840                RCC_PLLConfig
 .text.RCC_PLLCmd
                0x0000000008002854        0xc ../../STM32F10x_StdPeriph_Driver/Release/libstm32f103.a(stm32f10x_rcc.o)
                0x0000000008002854                RCC_PLLCmd
 .text.RCC_SYSCLKConfig
                0x0000000008002860       0x14 ../../STM32F10x_StdPeriph_Driver/Release/libstm32f103.a(stm32f10x_rcc.o)
                0x0000000008002860                RCC_SYSCLKConfig
 .text.RCC_GetSYSCLKSource
                0x0000000008002874       0x10 ../../STM32F10x_StdPeriph_Driver/Release/libstm32f103.a(stm32f10x_rcc.o)
                0x0000000008002874                RCC_GetSYSCLKSource
 .text.RCC_HCLKConfig
                0x0000000008002884       0x14 ../../STM32F10x_StdPeriph_Driver/Release/libstm32f103.a(stm32f10x_rcc.o)
                0x0000000008002884                RCC_HCLKConfig
 .text.RCC_PCLK1Config
                0x0000000008002898       0x14 ../../STM32F10x_StdPeriph_Driver/Release/libstm32f103.a(stm32f10x_rcc.o)
                0x0000000008002898                RCC_PCLK1Config
 .text.RCC_PCLK2Config
                0x00000000080028ac       0x14 ../../STM32F10x_StdPeriph_Driver/Release/libstm32f103.a(stm32f10x_rcc.o)
                0x00000000080028ac                RCC_PCLK2Config
 .text.RCC_GetClocksFreq
                0x00000000080028c0       0x8c ../../STM32F10x_StdPeriph_Driver/Release/libstm32f103.a(stm32f10x_rcc.o)
                0x00000000080028c0                RCC_GetClocksFreq
 .text.RCC_AHBPeriphClockCmd
                0x000000000800294c       0x18 ../../STM32F10x_StdPeriph_Driver/Release/libstm32f103.a(stm32f10x_rcc.o)
                0x000000000800294c                RCC_AHBPeriphClockCmd
 .text.RCC_APB2PeriphClockCmd
                0x0000000008002964       0x18 ../../STM32F10x_StdPeriph_Driver/Release/libstm32f103.a(stm32f10x_rcc.o)
                0x0000000008002964                RCC_APB2PeriphClockCmd
 .text.RCC_APB1PeriphClockCmd
                0x000000000800297c       0x18 ../../STM32F10x_StdPeriph_Driver/Release/libstm32f103.a(stm32f10x_rcc.o)
                0x000000000800297c                RCC_APB1PeriphClockCmd
 .text.RCC_APB1PeriphResetCmd
                0x0000000008002994       0x18 ../../STM32F10x_StdPeriph_Driver/Release/libstm32f103.a(stm32f10x_rcc.o)
                0x0000000008002994                RCC_APB1PeriphResetCmd
 .text.RCC_GetFlagStatus
                0x00000000080029ac       0x28 ../../STM32F10x_StdPeriph_Driver/Release/libstm32f103.a(stm32f10x_rcc.o)
                0x00000000080029ac                RCC_GetFlagStatus
 .text.RCC_WaitForHSEStartUp
                0x00000000080029d4       0x30 ../../STM32F10x_StdPeriph_Driver/Release/libstm32f103.a(stm32f10x_rcc.o)
                0x00000000080029d4                RCC_WaitForHSEStartUp
 .text.SPI_Init
                0x0000000008002a04       0x3e ../../STM32F10x_StdPeriph_Driver/Release/libstm32f103.a(stm32f10x_spi.o)
                0x0000000008002a04                SPI_Init
 .text.SPI_Cmd  0x0000000008002a42       0x18 ../../STM32F10x_StdPeriph_Driver/Release/libstm32f103.a(stm32f10x_spi.o)
                0x0000000008002a42                SPI_Cmd
 .text.SPI_I2S_DMACmd
                0x0000000008002a5a       0x12 ../../STM32F10x_StdPeriph_Driver/Release/libstm32f103.a(stm32f10x_spi.o)
                0x0000000008002a5a                SPI_I2S_DMACmd
 .text.SPI_I2S_GetFlagStatus
                0x0000000008002a6c        0xc ../../STM32F10x_StdPeriph_Driver/Release/libstm32f103.a(stm32f10x_spi.o)
                0x0000000008002a6c                SPI_I2S_GetFlagStatus
 .text.TIM_TimeBaseInit
                0x0000000008002a78       0x94 ../../STM32F10x_StdPeriph_Driver/Release/libstm32f103.a(stm32f10x_tim.o)
                0x0000000008002a78                TIM_TimeBaseInit
 .text.TIM_Cmd  0x0000000008002b0c       0x18 ../../STM32F10x_StdPeriph_Driver/Release/libstm32f103.a(stm32f10x_tim.o)
                0x0000000008002b0c                TIM_Cmd
 .text.TIM_ITConfig
                0x0000000008002b24       0x12 ../../STM32F10x_StdPeriph_Driver/Release/libstm32f103.a(stm32f10x_tim.o)
                0x0000000008002b24                TIM_ITConfig
 .text.TIM_GetITStatus
                0x0000000008002b36       0x16 ../../STM32F10x_StdPeriph_Driver/Release/libstm32f103.a(stm32f10x_tim.o)
                0x0000000008002b36                TIM_GetITStatus
 .text.TIM_ClearITPendingBit
                0x0000000008002b4c        0x8 ../../STM32F10x_StdPeriph_Driver/Release/libstm32f103.a(stm32f10x_tim.o)
                0x0000000008002b4c                TIM_ClearITPendingBit
 .text.USART_Init
                0x0000000008002b54       0xac ../../STM32F10x_StdPeriph_Driver/Release/libstm32f103.a(stm32f10x_usart.o)
                0x0000000008002b54                USART_Init
 .text.USART_Cmd
                0x0000000008002c00       0x18 ../../STM32F10x_StdPeriph_Driver/Release/libstm32f103.a(stm32f10x_usart.o)
                0x0000000008002c00                USART_Cmd
 .text.USART_ITConfig
                0x0000000008002c18       0x30 ../../STM32F10x_StdPeriph_Driver/Release/libstm32f103.a(stm32f10x_usart.o)
                0x0000000008002c18                USART_ITConfig
 .text.USART_ReceiveData
                0x0000000008002c48        0x8 ../../STM32F10x_StdPeriph_Driver/Release/libstm32f103.a(stm32f10x_usart.o)
                0x0000000008002c48                USART_ReceiveData
 .text.USART_GetITStatus
                0x0000000008002c50       0x40 ../../STM32F10x_StdPeriph_Driver/Release/libstm32f103.a(stm32f10x_usart.o)
                0x0000000008002c50                USART_GetITStatus
 .text.USART_ClearITPendingBit
                0x0000000008002c90        0xe ../../STM32F10x_StdPeriph_Driver/Release/libstm32f103.a(stm32f10x_usart.o)
                0x0000000008002c90                USART_ClearITPendingBit
 *fill*         0x0000000008002c9e        0x2 
 .text.TimingDelay_Decrement
                0x0000000008002ca0       0x14 ../../Embedded_GUI_Library/Release/libstm32f103.a(graphicObject.o)
                0x0000000008002ca0                TimingDelay_Decrement
 .text.atexit   0x0000000008002cb4        0xc /usr/lib/gcc/arm-none-eabi/4.8/../../../arm-none-eabi/lib/armv7-m/libg.a(lib_a-atexit.o)
                0x0000000008002cb4                atexit
 .text.__libc_fini_array
                0x0000000008002cc0       0x34 /usr/lib/gcc/arm-none-eabi/4.8/../../../arm-none-eabi/lib/armv7-m/libg.a(lib_a-fini.o)
                0x0000000008002cc0                __libc_fini_array
 .text.__libc_init_array
                0x0000000008002cf4       0x5c /usr/lib/gcc/arm-none-eabi/4.8/../../../arm-none-eabi/lib/armv7-m/libg.a(lib_a-init.o)
                0x0000000008002cf4                __libc_init_array
 .text.malloc   0x0000000008002d50       0x10 /usr/lib/gcc/arm-none-eabi/4.8/../../../arm-none-eabi/lib/armv7-m/libg.a(lib_a-malloc.o)
                0x0000000008002d50                malloc
 .text._malloc_r
                0x0000000008002d60      0x564 /usr/lib/gcc/arm-none-eabi/4.8/../../../arm-none-eabi/lib/armv7-m/libg.a(lib_a-mallocr.o)
                0x0000000008002d60                _malloc_r
 .text.__malloc_lock
                0x00000000080032c4        0x4 /usr/lib/gcc/arm-none-eabi/4.8/../../../arm-none-eabi/lib/armv7-m/libg.a(lib_a-mlock.o)
                0x00000000080032c4                __malloc_lock
 .text.__malloc_unlock
                0x00000000080032c8        0x4 /usr/lib/gcc/arm-none-eabi/4.8/../../../arm-none-eabi/lib/armv7-m/libg.a(lib_a-mlock.o)
                0x00000000080032c8                __malloc_unlock
 .text._sbrk_r  0x00000000080032cc       0x28 /usr/lib/gcc/arm-none-eabi/4.8/../../../arm-none-eabi/lib/armv7-m/libg.a(lib_a-sbrkr.o)
                0x00000000080032cc                _sbrk_r
 .text.__register_exitproc
                0x00000000080032f4       0xac /usr/lib/gcc/arm-none-eabi/4.8/../../../arm-none-eabi/lib/armv7-m/libg.a(lib_a-__atexit.o)
                0x00000000080032f4                __register_exitproc
 .text.startup.register_fini
                0x00000000080033a0       0x18 /usr/lib/gcc/arm-none-eabi/4.8/../../../arm-none-eabi/lib/armv7-m/libg.a(lib_a-__call_atexit.o)
 .text._malloc_trim_r
                0x00000000080033b8       0xa4 /usr/lib/gcc/arm-none-eabi/4.8/../../../arm-none-eabi/lib/armv7-m/libg.a(lib_a-freer.o)
                0x00000000080033b8                _malloc_trim_r
 .text._free_r  0x000000000800345c      0x198 /usr/lib/gcc/arm-none-eabi/4.8/../../../arm-none-eabi/lib/armv7-m/libg.a(lib_a-freer.o)
                0x000000000800345c                _free_r
 *(.rodata .rodata.* .gnu.linkonce.r.*)
 .rodata        0x00000000080035f4       0x30 objs/configmenu.o
 .rodata        0x0000000008003624       0x10 objs/main.o
 .rodata.str1.4
                0x0000000008003634        0x4 /usr/lib/gcc/arm-none-eabi/4.8/../../../arm-none-eabi/lib/armv7-m/libg.a(lib_a-impure.o)
 .rodata._global_impure_ptr
                0x0000000008003638        0x4 /usr/lib/gcc/arm-none-eabi/4.8/../../../arm-none-eabi/lib/armv7-m/libg.a(lib_a-impure.o)
                0x0000000008003638                _global_impure_ptr
 *(.eh_frame_hdr)
 *(.eh_frame)
 .eh_frame      0x000000000800363c        0x0 /usr/lib/gcc/arm-none-eabi/4.8/armv7-m/crtbegin.o
 *(.gcc_except_table)
 *(.eh_frame_hdr)
 *(.eh_frame)
                0x000000000800363c                . = ALIGN (0x4)
 *(.init)
 .init          0x000000000800363c        0x4 /usr/lib/gcc/arm-none-eabi/4.8/armv7-m/crti.o
                0x000000000800363c                _init
 .init          0x0000000008003640        0x8 /usr/lib/gcc/arm-none-eabi/4.8/armv7-m/crtn.o
                0x0000000008003648                . = ALIGN (0x4)
                0x0000000008003648                __preinit_array_start = .
 *(.preinit_array)
                0x0000000008003648                __preinit_array_end = .
                0x0000000008003648                . = ALIGN (0x4)
                0x0000000008003648                __init_array_start = .
 *(SORT(.init_array.*))
 .init_array.00000
                0x0000000008003648        0x4 /usr/lib/gcc/arm-none-eabi/4.8/../../../arm-none-eabi/lib/armv7-m/libg.a(lib_a-__call_atexit.o)
 *(.init_array)
 .init_array    0x000000000800364c        0x4 /usr/lib/gcc/arm-none-eabi/4.8/armv7-m/crtbegin.o
                0x0000000008003650                __init_array_end = .
                0x0000000008003650                . = ALIGN (0x4)
 *crtbegin.o(.ctors)
 *(EXCLUDE_FILE(*crtend.o) .ctors)
 *(SORT(.ctors.*))
 *crtend.o(.ctors)
                0x0000000008003650                . = ALIGN (0x4)
 *(.fini)
 .fini          0x0000000008003650        0x4 /usr/lib/gcc/arm-none-eabi/4.8/armv7-m/crti.o
                0x0000000008003650                _fini
 .fini          0x0000000008003654        0x8 /usr/lib/gcc/arm-none-eabi/4.8/armv7-m/crtn.o
                0x000000000800365c                . = ALIGN (0x4)
                0x000000000800365c                __fini_array_start = .
 *(.fini_array)
 .fini_array    0x000000000800365c        0x4 /usr/lib/gcc/arm-none-eabi/4.8/armv7-m/crtbegin.o
 *(SORT(.fini_array.*))
                0x0000000008003660                __fini_array_end = .
 *crtbegin.o(.dtors)
 *(EXCLUDE_FILE(*crtend.o) .dtors)
 *(SORT(.dtors.*))
 *crtend.o(.dtors)
                0x0000000008003660                . = ALIGN (0x8)
                0x0000000008003660                _etext = .
                0x0000000008003660                _sidata = _etext
                0x0000000008003660                __exidx_start = .

.glue_7         0x0000000008003660        0x0
 .glue_7        0x0000000008003660        0x0 linker stubs

.glue_7t        0x0000000008003660        0x0
 .glue_7t       0x0000000008003660        0x0 linker stubs

.vfp11_veneer   0x0000000008003660        0x0
 .vfp11_veneer  0x0000000008003660        0x0 linker stubs

.v4_bx          0x0000000008003660        0x0
 .v4_bx         0x0000000008003660        0x0 linker stubs

.iplt           0x0000000008003660        0x0
 .iplt          0x0000000008003660        0x0 /usr/lib/gcc/arm-none-eabi/4.8/armv7-m/crtbegin.o

.rel.dyn        0x0000000008003660        0x0
 .rel.iplt      0x0000000008003660        0x0 /usr/lib/gcc/arm-none-eabi/4.8/armv7-m/crtbegin.o

.ARM.exidx
 *(.ARM.exidx* .gnu.linkonce.armexidx.*)
                0x0000000008003660                __exidx_end = .

.data           0x0000000020000000      0x854 load address 0x0000000008003660
                0x0000000008003660                _flash_data = LOADADDR (.data)
                0x0000000020000000                _data = .
                0x0000000020000000                _sdata = .
 *(vtable)
 *(.data .data.* .gnu.linkonce.d.*)
 .data.I2C2_BUSY
                0x0000000020000000        0x1 objs/i2c.o
                0x0000000020000000                I2C2_BUSY
 .data.ADCPrescTable
                0x0000000020000001        0x4 ../../STM32F10x_StdPeriph_Driver/Release/libstm32f103.a(stm32f10x_rcc.o)
 .data.APBAHBPrescTable
                0x0000000020000005       0x10 ../../STM32F10x_StdPeriph_Driver/Release/libstm32f103.a(stm32f10x_rcc.o)
 *fill*         0x0000000020000015        0x3 
 .data.impure_data
                0x0000000020000018      0x428 /usr/lib/gcc/arm-none-eabi/4.8/../../../arm-none-eabi/lib/armv7-m/libg.a(lib_a-impure.o)
 .data._impure_ptr
                0x0000000020000440        0x4 /usr/lib/gcc/arm-none-eabi/4.8/../../../arm-none-eabi/lib/armv7-m/libg.a(lib_a-impure.o)
                0x0000000020000440                _impure_ptr
 .data.__malloc_av_
                0x0000000020000444      0x408 /usr/lib/gcc/arm-none-eabi/4.8/../../../arm-none-eabi/lib/armv7-m/libg.a(lib_a-mallocr.o)
                0x0000000020000444                __malloc_av_
 .data.__malloc_trim_threshold
                0x000000002000084c        0x4 /usr/lib/gcc/arm-none-eabi/4.8/../../../arm-none-eabi/lib/armv7-m/libg.a(lib_a-mallocr.o)
                0x000000002000084c                __malloc_trim_threshold
 .data.__malloc_sbrk_base
                0x0000000020000850        0x4 /usr/lib/gcc/arm-none-eabi/4.8/../../../arm-none-eabi/lib/armv7-m/libg.a(lib_a-mallocr.o)
                0x0000000020000850                __malloc_sbrk_base
                0x0000000020000854                _edata = .

.jcr            0x0000000020000854        0x0 load address 0x0000000008003eb4
 .jcr           0x0000000020000854        0x0 /usr/lib/gcc/arm-none-eabi/4.8/armv7-m/crtbegin.o

.tm_clone_table
                0x0000000020000854        0x0 load address 0x0000000008003eb4
 .tm_clone_table
                0x0000000020000854        0x0 /usr/lib/gcc/arm-none-eabi/4.8/armv7-m/crtbegin.o
 .tm_clone_table
                0x0000000020000854        0x0 /usr/lib/gcc/arm-none-eabi/4.8/armv7-m/crtend.o

.igot.plt       0x0000000020000854        0x0 load address 0x0000000008003eb4
 .igot.plt      0x0000000020000854        0x0 /usr/lib/gcc/arm-none-eabi/4.8/armv7-m/crtbegin.o

.bss            0x0000000020000854      0x280 load address 0x0000000008003eb4
                0x0000000020000854                _bss = .
                0x0000000020000854                _sbss = .
 *(.bss .bss.* .gnu.linkonce.b.*)
 .bss           0x0000000020000854       0x1c /usr/lib/gcc/arm-none-eabi/4.8/armv7-m/crtbegin.o
 .bss.heap.3695
                0x0000000020000870        0x4 objs/syscalls.o
 .bss.Tx_Idx1   0x0000000020000874        0x1 objs/i2c.o
                0x0000000020000874                Tx_Idx1
 .bss.Rx_Idx1   0x0000000020000875        0x1 objs/i2c.o
                0x0000000020000875                Rx_Idx1
 .bss.Tx_Idx2   0x0000000020000876        0x1 objs/i2c.o
                0x0000000020000876                Tx_Idx2
 .bss.Rx_Idx2   0x0000000020000877        0x1 objs/i2c.o
                0x0000000020000877                Rx_Idx2
 .bss.rx_index.6894
                0x0000000020000878        0x1 objs/usart.o
 *fill*         0x0000000020000879        0x3 
 .bss.TimingDelay
                0x000000002000087c        0x4 ../../Embedded_GUI_Library/Release/libstm32f103.a(graphicObject.o)
 .bss.__malloc_max_total_mem
                0x0000000020000880        0x4 /usr/lib/gcc/arm-none-eabi/4.8/../../../arm-none-eabi/lib/armv7-m/libg.a(lib_a-mallocr.o)
                0x0000000020000880                __malloc_max_total_mem
 .bss.__malloc_max_sbrked_mem
                0x0000000020000884        0x4 /usr/lib/gcc/arm-none-eabi/4.8/../../../arm-none-eabi/lib/armv7-m/libg.a(lib_a-mallocr.o)
                0x0000000020000884                __malloc_max_sbrked_mem
 .bss.__malloc_top_pad
                0x0000000020000888        0x4 /usr/lib/gcc/arm-none-eabi/4.8/../../../arm-none-eabi/lib/armv7-m/libg.a(lib_a-mallocr.o)
                0x0000000020000888                __malloc_top_pad
 .bss.__malloc_current_mallinfo
                0x000000002000088c       0x28 /usr/lib/gcc/arm-none-eabi/4.8/../../../arm-none-eabi/lib/armv7-m/libg.a(lib_a-mallocr.o)
                0x000000002000088c                __malloc_current_mallinfo
 *(COMMON)
 COMMON         0x00000000200008b4       0x22 objs/userio.o
                0x00000000200008b4                GL_floattext
                0x00000000200008b8                GL_floattextbuffer
                0x00000000200008d4                GL_floattextcharacters
                0x00000000200008d5                GL_floattextstart
 COMMON         0x00000000200008d6        0x2 objs/midi.o
                0x00000000200008d6                midiccvalue
                0x00000000200008d7                midichannel
 COMMON         0x00000000200008d8        0x2 objs/spi.o
                0x00000000200008d8                SPI2_BLOCK
                0x00000000200008d9                SPI2_FREE
 COMMON         0x00000000200008da        0x1 objs/configmenu.o
                0x00000000200008da                configmenustatus
 *fill*         0x00000000200008db        0x1 
 COMMON         0x00000000200008dc       0x13 objs/main.o
                0x00000000200008dc                RAMPLED
                0x00000000200008de                systemevent
                0x00000000200008e0                GL_displaydata
                0x00000000200008ec                LEDON
                0x00000000200008ed                counter
                0x00000000200008ee                irqvals
 *fill*         0x00000000200008ef        0x1 
 COMMON         0x00000000200008f0      0x112 objs/eeprom.o
                0x00000000200008f0                eeprom_tx_buffer
                0x0000000020000970                eeprom_tx_address
                0x0000000020000974                eeprom_command_buffer
                0x000000002000097c                eeprom_rx_address
                0x0000000020000980                eeprom_rx_buffer
                0x0000000020000a00                eeprom_nbytes
 *fill*         0x0000000020000a02        0x2 
 COMMON         0x0000000020000a04       0xac objs/i2c.o
                0x0000000020000a04                Buffer_Rx2
                0x0000000020000a18                Buffer_Tx1
                0x0000000020000a2c                I2C_InitStructure1
                0x0000000020000a3c                Buffer_Tx2
                0x0000000020000a50                I2CDMA_InitStructure
                0x0000000020000a7c                Buffer_Rx1
                0x0000000020000a90                Address
                0x0000000020000a94                I2C_InitStructure2
                0x0000000020000aa4                NumbOfBytes2
                0x0000000020000aa8                NumbOfBytes1
                0x0000000020000aac                I2CDirection
 COMMON         0x0000000020000ab0       0x20 objs/usart.o
                0x0000000020000ab0                BufferUsart2
 COMMON         0x0000000020000ad0        0x4 /usr/lib/gcc/arm-none-eabi/4.8/../../../arm-none-eabi/lib/armv7-m/libg.a(lib_a-reent.o)
                0x0000000020000ad0                errno
                0x0000000020000ad4                . = ALIGN (0x4)
                0x0000000020000ad4                _ebss = .
                0x0000000020000ad4                PROVIDE (__HEAP_START, _end)
                0x0000000020000ad4                PROVIDE (end, _ebss)
                0x0000000020000ad4                PROVIDE (_end, _ebss)

._usrstack      0x0000000020000ad4      0x800 load address 0x0000000008003eb4
                0x0000000020000ad4                . = ALIGN (0x4)
                0x0000000020000ad4                _susrstack = .
                0x00000000200012d4                . = (. + _Minimum_Stack_Size)
 *fill*         0x0000000020000ad4      0x800 
                0x00000000200012d4                . = ALIGN (0x4)
                0x00000000200012d4                _eusrstack = .
OUTPUT(diyaxis.elf elf32-littlearm)

.ARM.attributes
                0x0000000000000000       0x29
 .ARM.attributes
                0x0000000000000000       0x1d /usr/lib/gcc/arm-none-eabi/4.8/armv7-m/crti.o
 .ARM.attributes
                0x000000000000001d       0x2d /usr/lib/gcc/arm-none-eabi/4.8/armv7-m/crtbegin.o
 .ARM.attributes
                0x000000000000004a       0x33 objs/userio.o
 .ARM.attributes
                0x000000000000007d       0x33 objs/outputs.o
 .ARM.attributes
                0x00000000000000b0       0x33 objs/midi.o
 .ARM.attributes
                0x00000000000000e3       0x33 objs/syscalls.o
 .ARM.attributes
                0x0000000000000116       0x33 objs/hw_config.o
 .ARM.attributes
                0x0000000000000149       0x33 objs/spi.o
 .ARM.attributes
                0x000000000000017c       0x33 objs/stm32f10x_it.o
 .ARM.attributes
                0x00000000000001af       0x33 objs/configmenu.o
 .ARM.attributes
                0x00000000000001e2       0x33 objs/main.o
 .ARM.attributes
                0x0000000000000215       0x33 objs/system_stm32f10x.o
 .ARM.attributes
                0x0000000000000248       0x33 objs/eeprom.o
 .ARM.attributes
                0x000000000000027b       0x33 objs/i2c.o
 .ARM.attributes
                0x00000000000002ae       0x33 objs/usart.o
 .ARM.attributes
                0x00000000000002e1       0x33 objs/core_cm3.o
 .ARM.attributes
                0x0000000000000314       0x21 objs/startup_stm32f10x_md.o
 .ARM.attributes
                0x0000000000000335       0x33 ../../STM32F10x_StdPeriph_Driver/Release/libstm32f103.a(misc.o)
 .ARM.attributes
                0x0000000000000368       0x33 ../../STM32F10x_StdPeriph_Driver/Release/libstm32f103.a(stm32f10x_dma.o)
 .ARM.attributes
                0x000000000000039b       0x33 ../../STM32F10x_StdPeriph_Driver/Release/libstm32f103.a(stm32f10x_exti.o)
 .ARM.attributes
                0x00000000000003ce       0x33 ../../STM32F10x_StdPeriph_Driver/Release/libstm32f103.a(stm32f10x_flash.o)
 .ARM.attributes
                0x0000000000000401       0x33 ../../STM32F10x_StdPeriph_Driver/Release/libstm32f103.a(stm32f10x_gpio.o)
 .ARM.attributes
                0x0000000000000434       0x33 ../../STM32F10x_StdPeriph_Driver/Release/libstm32f103.a(stm32f10x_i2c.o)
 .ARM.attributes
                0x0000000000000467       0x33 ../../STM32F10x_StdPeriph_Driver/Release/libstm32f103.a(stm32f10x_rcc.o)
 .ARM.attributes
                0x000000000000049a       0x33 ../../STM32F10x_StdPeriph_Driver/Release/libstm32f103.a(stm32f10x_spi.o)
 .ARM.attributes
                0x00000000000004cd       0x33 ../../STM32F10x_StdPeriph_Driver/Release/libstm32f103.a(stm32f10x_tim.o)
 .ARM.attributes
                0x0000000000000500       0x33 ../../STM32F10x_StdPeriph_Driver/Release/libstm32f103.a(stm32f10x_usart.o)
 .ARM.attributes
                0x0000000000000533       0x33 ../../Embedded_GUI_Library/Release/libstm32f103.a(graphicObject.o)
 .ARM.attributes
                0x0000000000000566       0x2d /usr/lib/gcc/arm-none-eabi/4.8/../../../arm-none-eabi/lib/armv7-m/libg.a(lib_a-atexit.o)
 .ARM.attributes
                0x0000000000000593       0x2d /usr/lib/gcc/arm-none-eabi/4.8/../../../arm-none-eabi/lib/armv7-m/libg.a(lib_a-fini.o)
 .ARM.attributes
                0x00000000000005c0       0x2d /usr/lib/gcc/arm-none-eabi/4.8/../../../arm-none-eabi/lib/armv7-m/libg.a(lib_a-impure.o)
 .ARM.attributes
                0x00000000000005ed       0x2d /usr/lib/gcc/arm-none-eabi/4.8/../../../arm-none-eabi/lib/armv7-m/libg.a(lib_a-init.o)
 .ARM.attributes
                0x000000000000061a       0x2d /usr/lib/gcc/arm-none-eabi/4.8/../../../arm-none-eabi/lib/armv7-m/libg.a(lib_a-malloc.o)
 .ARM.attributes
                0x0000000000000647       0x2d /usr/lib/gcc/arm-none-eabi/4.8/../../../arm-none-eabi/lib/armv7-m/libg.a(lib_a-mallocr.o)
 .ARM.attributes
                0x0000000000000674       0x2d /usr/lib/gcc/arm-none-eabi/4.8/../../../arm-none-eabi/lib/armv7-m/libg.a(lib_a-mlock.o)
 .ARM.attributes
                0x00000000000006a1       0x2d /usr/lib/gcc/arm-none-eabi/4.8/../../../arm-none-eabi/lib/armv7-m/libg.a(lib_a-sbrkr.o)
 .ARM.attributes
                0x00000000000006ce       0x2d /usr/lib/gcc/arm-none-eabi/4.8/../../../arm-none-eabi/lib/armv7-m/libg.a(lib_a-__atexit.o)
 .ARM.attributes
                0x00000000000006fb       0x2d /usr/lib/gcc/arm-none-eabi/4.8/../../../arm-none-eabi/lib/armv7-m/libg.a(lib_a-__call_atexit.o)
 .ARM.attributes
                0x0000000000000728       0x2d /usr/lib/gcc/arm-none-eabi/4.8/../../../arm-none-eabi/lib/armv7-m/libg.a(lib_a-freer.o)
 .ARM.attributes
                0x0000000000000755       0x2d /usr/lib/gcc/arm-none-eabi/4.8/../../../arm-none-eabi/lib/armv7-m/libg.a(lib_a-reent.o)
 .ARM.attributes
                0x0000000000000782       0x2d /usr/lib/gcc/arm-none-eabi/4.8/armv7-m/crtend.o
 .ARM.attributes
                0x00000000000007af       0x1d /usr/lib/gcc/arm-none-eabi/4.8/armv7-m/crtn.o

.comment        0x0000000000000000       0x6f
 .comment       0x0000000000000000       0x20 /usr/lib/gcc/arm-none-eabi/4.8/armv7-m/crtbegin.o
                                         0x21 (size before relaxing)
 .comment       0x0000000000000020       0x21 objs/userio.o
 .comment       0x0000000000000020       0x21 objs/outputs.o
 .comment       0x0000000000000020       0x21 objs/midi.o
 .comment       0x0000000000000020       0x21 objs/syscalls.o
 .comment       0x0000000000000020       0x21 objs/hw_config.o
 .comment       0x0000000000000020       0x21 objs/spi.o
 .comment       0x0000000000000020       0x21 objs/stm32f10x_it.o
 .comment       0x0000000000000020       0x21 objs/configmenu.o
 .comment       0x0000000000000020       0x21 objs/main.o
 .comment       0x0000000000000020       0x21 objs/system_stm32f10x.o
 .comment       0x0000000000000020       0x21 objs/eeprom.o
 .comment       0x0000000000000020       0x21 objs/i2c.o
 .comment       0x0000000000000020       0x21 objs/usart.o
 .comment       0x0000000000000020       0x21 objs/core_cm3.o
 .comment       0x0000000000000020       0x30 ../../STM32F10x_StdPeriph_Driver/Release/libstm32f103.a(misc.o)
                                         0x31 (size before relaxing)
 .comment       0x0000000000000050       0x31 ../../STM32F10x_StdPeriph_Driver/Release/libstm32f103.a(stm32f10x_dma.o)
 .comment       0x0000000000000050       0x31 ../../STM32F10x_StdPeriph_Driver/Release/libstm32f103.a(stm32f10x_exti.o)
 .comment       0x0000000000000050       0x31 ../../STM32F10x_StdPeriph_Driver/Release/libstm32f103.a(stm32f10x_flash.o)
 .comment       0x0000000000000050       0x31 ../../STM32F10x_StdPeriph_Driver/Release/libstm32f103.a(stm32f10x_gpio.o)
 .comment       0x0000000000000050       0x31 ../../STM32F10x_StdPeriph_Driver/Release/libstm32f103.a(stm32f10x_i2c.o)
 .comment       0x0000000000000050       0x31 ../../STM32F10x_StdPeriph_Driver/Release/libstm32f103.a(stm32f10x_rcc.o)
 .comment       0x0000000000000050       0x31 ../../STM32F10x_StdPeriph_Driver/Release/libstm32f103.a(stm32f10x_spi.o)
 .comment       0x0000000000000050       0x31 ../../STM32F10x_StdPeriph_Driver/Release/libstm32f103.a(stm32f10x_tim.o)
 .comment       0x0000000000000050       0x31 ../../STM32F10x_StdPeriph_Driver/Release/libstm32f103.a(stm32f10x_usart.o)
 .comment       0x0000000000000050       0x31 ../../Embedded_GUI_Library/Release/libstm32f103.a(graphicObject.o)
 .comment       0x0000000000000050       0x1f /usr/lib/gcc/arm-none-eabi/4.8/../../../arm-none-eabi/lib/armv7-m/libg.a(lib_a-atexit.o)
                                         0x20 (size before relaxing)
 .comment       0x000000000000006f       0x20 /usr/lib/gcc/arm-none-eabi/4.8/../../../arm-none-eabi/lib/armv7-m/libg.a(lib_a-fini.o)
 .comment       0x000000000000006f       0x20 /usr/lib/gcc/arm-none-eabi/4.8/../../../arm-none-eabi/lib/armv7-m/libg.a(lib_a-impure.o)
 .comment       0x000000000000006f       0x20 /usr/lib/gcc/arm-none-eabi/4.8/../../../arm-none-eabi/lib/armv7-m/libg.a(lib_a-init.o)
 .comment       0x000000000000006f       0x20 /usr/lib/gcc/arm-none-eabi/4.8/../../../arm-none-eabi/lib/armv7-m/libg.a(lib_a-malloc.o)
 .comment       0x000000000000006f       0x20 /usr/lib/gcc/arm-none-eabi/4.8/../../../arm-none-eabi/lib/armv7-m/libg.a(lib_a-mallocr.o)
 .comment       0x000000000000006f       0x20 /usr/lib/gcc/arm-none-eabi/4.8/../../../arm-none-eabi/lib/armv7-m/libg.a(lib_a-mlock.o)
 .comment       0x000000000000006f       0x20 /usr/lib/gcc/arm-none-eabi/4.8/../../../arm-none-eabi/lib/armv7-m/libg.a(lib_a-sbrkr.o)
 .comment       0x000000000000006f       0x20 /usr/lib/gcc/arm-none-eabi/4.8/../../../arm-none-eabi/lib/armv7-m/libg.a(lib_a-__atexit.o)
 .comment       0x000000000000006f       0x20 /usr/lib/gcc/arm-none-eabi/4.8/../../../arm-none-eabi/lib/armv7-m/libg.a(lib_a-__call_atexit.o)
 .comment       0x000000000000006f       0x20 /usr/lib/gcc/arm-none-eabi/4.8/../../../arm-none-eabi/lib/armv7-m/libg.a(lib_a-freer.o)
 .comment       0x000000000000006f       0x20 /usr/lib/gcc/arm-none-eabi/4.8/../../../arm-none-eabi/lib/armv7-m/libg.a(lib_a-reent.o)
 .comment       0x000000000000006f       0x21 /usr/lib/gcc/arm-none-eabi/4.8/armv7-m/crtend.o

.debug_info     0x0000000000000000     0xa954
 .debug_info    0x0000000000000000      0x86b objs/userio.o
 .debug_info    0x000000000000086b      0x367 objs/outputs.o
 .debug_info    0x0000000000000bd2      0x2a7 objs/midi.o
 .debug_info    0x0000000000000e79       0xe3 objs/syscalls.o
 .debug_info    0x0000000000000f5c      0x79b objs/hw_config.o
 .debug_info    0x00000000000016f7      0x72a objs/spi.o
 .debug_info    0x0000000000001e21      0x1f8 objs/stm32f10x_it.o
 .debug_info    0x0000000000002019      0x1e4 objs/configmenu.o
 .debug_info    0x00000000000021fd      0x94f objs/main.o
 .debug_info    0x0000000000002b4c      0x438 objs/system_stm32f10x.o
 .debug_info    0x0000000000002f84      0x3f5 objs/eeprom.o
 .debug_info    0x0000000000003379      0xcd1 objs/i2c.o
 .debug_info    0x000000000000404a      0x6b3 objs/usart.o
 .debug_info    0x00000000000046fd      0x52b objs/core_cm3.o
 .debug_info    0x0000000000004c28       0x6d objs/startup_stm32f10x_md.o
 .debug_info    0x0000000000004c95      0x10a /usr/lib/gcc/arm-none-eabi/4.8/../../../arm-none-eabi/lib/armv7-m/libg.a(lib_a-atexit.o)
 .debug_info    0x0000000000004d9f       0xef /usr/lib/gcc/arm-none-eabi/4.8/../../../arm-none-eabi/lib/armv7-m/libg.a(lib_a-fini.o)
 .debug_info    0x0000000000004e8e      0x894 /usr/lib/gcc/arm-none-eabi/4.8/../../../arm-none-eabi/lib/armv7-m/libg.a(lib_a-impure.o)
 .debug_info    0x0000000000005722      0x105 /usr/lib/gcc/arm-none-eabi/4.8/../../../arm-none-eabi/lib/armv7-m/libg.a(lib_a-init.o)
 .debug_info    0x0000000000005827      0x915 /usr/lib/gcc/arm-none-eabi/4.8/../../../arm-none-eabi/lib/armv7-m/libg.a(lib_a-malloc.o)
 .debug_info    0x000000000000613c      0xd7b /usr/lib/gcc/arm-none-eabi/4.8/../../../arm-none-eabi/lib/armv7-m/libg.a(lib_a-mallocr.o)
 .debug_info    0x0000000000006eb7      0x8b4 /usr/lib/gcc/arm-none-eabi/4.8/../../../arm-none-eabi/lib/armv7-m/libg.a(lib_a-mlock.o)
 .debug_info    0x000000000000776b      0x8f4 /usr/lib/gcc/arm-none-eabi/4.8/../../../arm-none-eabi/lib/armv7-m/libg.a(lib_a-sbrkr.o)
 .debug_info    0x000000000000805f      0x934 /usr/lib/gcc/arm-none-eabi/4.8/../../../arm-none-eabi/lib/armv7-m/libg.a(lib_a-__atexit.o)
 .debug_info    0x0000000000008993      0x9aa /usr/lib/gcc/arm-none-eabi/4.8/../../../arm-none-eabi/lib/armv7-m/libg.a(lib_a-__call_atexit.o)
 .debug_info    0x000000000000933d      0xc1c /usr/lib/gcc/arm-none-eabi/4.8/../../../arm-none-eabi/lib/armv7-m/libg.a(lib_a-freer.o)
 .debug_info    0x0000000000009f59      0x9fb /usr/lib/gcc/arm-none-eabi/4.8/../../../arm-none-eabi/lib/armv7-m/libg.a(lib_a-reent.o)

.debug_abbrev   0x0000000000000000     0x29a7
 .debug_abbrev  0x0000000000000000      0x1fc objs/userio.o
 .debug_abbrev  0x00000000000001fc      0x142 objs/outputs.o
 .debug_abbrev  0x000000000000033e      0x15d objs/midi.o
 .debug_abbrev  0x000000000000049b       0x8b objs/syscalls.o
 .debug_abbrev  0x0000000000000526      0x1e7 objs/hw_config.o
 .debug_abbrev  0x000000000000070d      0x184 objs/spi.o
 .debug_abbrev  0x0000000000000891       0xaf objs/stm32f10x_it.o
 .debug_abbrev  0x0000000000000940       0xfa objs/configmenu.o
 .debug_abbrev  0x0000000000000a3a      0x202 objs/main.o
 .debug_abbrev  0x0000000000000c3c      0x179 objs/system_stm32f10x.o
 .debug_abbrev  0x0000000000000db5      0x187 objs/eeprom.o
 .debug_abbrev  0x0000000000000f3c      0x2dd objs/i2c.o
 .debug_abbrev  0x0000000000001219      0x185 objs/usart.o
 .debug_abbrev  0x000000000000139e       0xae objs/core_cm3.o
 .debug_abbrev  0x000000000000144c       0x12 objs/startup_stm32f10x_md.o
 .debug_abbrev  0x000000000000145e       0xb8 /usr/lib/gcc/arm-none-eabi/4.8/../../../arm-none-eabi/lib/armv7-m/libg.a(lib_a-atexit.o)
 .debug_abbrev  0x0000000000001516       0xbd /usr/lib/gcc/arm-none-eabi/4.8/../../../arm-none-eabi/lib/armv7-m/libg.a(lib_a-fini.o)
 .debug_abbrev  0x00000000000015d3      0x180 /usr/lib/gcc/arm-none-eabi/4.8/../../../arm-none-eabi/lib/armv7-m/libg.a(lib_a-impure.o)
 .debug_abbrev  0x0000000000001753       0xba /usr/lib/gcc/arm-none-eabi/4.8/../../../arm-none-eabi/lib/armv7-m/libg.a(lib_a-init.o)
 .debug_abbrev  0x000000000000180d      0x1fa /usr/lib/gcc/arm-none-eabi/4.8/../../../arm-none-eabi/lib/armv7-m/libg.a(lib_a-malloc.o)
 .debug_abbrev  0x0000000000001a07      0x2a2 /usr/lib/gcc/arm-none-eabi/4.8/../../../arm-none-eabi/lib/armv7-m/libg.a(lib_a-mallocr.o)
 .debug_abbrev  0x0000000000001ca9      0x19a /usr/lib/gcc/arm-none-eabi/4.8/../../../arm-none-eabi/lib/armv7-m/libg.a(lib_a-mlock.o)
 .debug_abbrev  0x0000000000001e43      0x1fd /usr/lib/gcc/arm-none-eabi/4.8/../../../arm-none-eabi/lib/armv7-m/libg.a(lib_a-sbrkr.o)
 .debug_abbrev  0x0000000000002040      0x20f /usr/lib/gcc/arm-none-eabi/4.8/../../../arm-none-eabi/lib/armv7-m/libg.a(lib_a-__atexit.o)
 .debug_abbrev  0x000000000000224f      0x285 /usr/lib/gcc/arm-none-eabi/4.8/../../../arm-none-eabi/lib/armv7-m/libg.a(lib_a-__call_atexit.o)
 .debug_abbrev  0x00000000000024d4      0x27b /usr/lib/gcc/arm-none-eabi/4.8/../../../arm-none-eabi/lib/armv7-m/libg.a(lib_a-freer.o)
 .debug_abbrev  0x000000000000274f      0x258 /usr/lib/gcc/arm-none-eabi/4.8/../../../arm-none-eabi/lib/armv7-m/libg.a(lib_a-reent.o)

.debug_aranges  0x0000000000000000      0x678
 .debug_aranges
                0x0000000000000000       0x68 objs/userio.o
 .debug_aranges
                0x0000000000000068       0x38 objs/outputs.o
 .debug_aranges
                0x00000000000000a0       0x38 objs/midi.o
 .debug_aranges
                0x00000000000000d8       0x20 objs/syscalls.o
 .debug_aranges
                0x00000000000000f8       0x48 objs/hw_config.o
 .debug_aranges
                0x0000000000000140       0x30 objs/spi.o
 .debug_aranges
                0x0000000000000170       0xa0 objs/stm32f10x_it.o
 .debug_aranges
                0x0000000000000210       0x38 objs/configmenu.o
 .debug_aranges
                0x0000000000000248       0x40 objs/main.o
 .debug_aranges
                0x0000000000000288       0x38 objs/system_stm32f10x.o
 .debug_aranges
                0x00000000000002c0       0x48 objs/eeprom.o
 .debug_aranges
                0x0000000000000308       0xb0 objs/i2c.o
 .debug_aranges
                0x00000000000003b8       0x30 objs/usart.o
 .debug_aranges
                0x00000000000003e8       0xc8 objs/core_cm3.o
 .debug_aranges
                0x00000000000004b0       0x28 objs/startup_stm32f10x_md.o
 .debug_aranges
                0x00000000000004d8       0x20 /usr/lib/gcc/arm-none-eabi/4.8/../../../arm-none-eabi/lib/armv7-m/libg.a(lib_a-atexit.o)
 .debug_aranges
                0x00000000000004f8       0x20 /usr/lib/gcc/arm-none-eabi/4.8/../../../arm-none-eabi/lib/armv7-m/libg.a(lib_a-fini.o)
 .debug_aranges
                0x0000000000000518       0x18 /usr/lib/gcc/arm-none-eabi/4.8/../../../arm-none-eabi/lib/armv7-m/libg.a(lib_a-impure.o)
 .debug_aranges
                0x0000000000000530       0x20 /usr/lib/gcc/arm-none-eabi/4.8/../../../arm-none-eabi/lib/armv7-m/libg.a(lib_a-init.o)
 .debug_aranges
                0x0000000000000550       0x28 /usr/lib/gcc/arm-none-eabi/4.8/../../../arm-none-eabi/lib/armv7-m/libg.a(lib_a-malloc.o)
 .debug_aranges
                0x0000000000000578       0x20 /usr/lib/gcc/arm-none-eabi/4.8/../../../arm-none-eabi/lib/armv7-m/libg.a(lib_a-mallocr.o)
 .debug_aranges
                0x0000000000000598       0x28 /usr/lib/gcc/arm-none-eabi/4.8/../../../arm-none-eabi/lib/armv7-m/libg.a(lib_a-mlock.o)
 .debug_aranges
                0x00000000000005c0       0x20 /usr/lib/gcc/arm-none-eabi/4.8/../../../arm-none-eabi/lib/armv7-m/libg.a(lib_a-sbrkr.o)
 .debug_aranges
                0x00000000000005e0       0x20 /usr/lib/gcc/arm-none-eabi/4.8/../../../arm-none-eabi/lib/armv7-m/libg.a(lib_a-__atexit.o)
 .debug_aranges
                0x0000000000000600       0x28 /usr/lib/gcc/arm-none-eabi/4.8/../../../arm-none-eabi/lib/armv7-m/libg.a(lib_a-__call_atexit.o)
 .debug_aranges
                0x0000000000000628       0x28 /usr/lib/gcc/arm-none-eabi/4.8/../../../arm-none-eabi/lib/armv7-m/libg.a(lib_a-freer.o)
 .debug_aranges
                0x0000000000000650       0x28 /usr/lib/gcc/arm-none-eabi/4.8/../../../arm-none-eabi/lib/armv7-m/libg.a(lib_a-reent.o)

.debug_ranges   0x0000000000000000      0x528
 .debug_ranges  0x0000000000000000       0x58 objs/userio.o
 .debug_ranges  0x0000000000000058       0x28 objs/outputs.o
 .debug_ranges  0x0000000000000080       0x28 objs/midi.o
 .debug_ranges  0x00000000000000a8       0x10 objs/syscalls.o
 .debug_ranges  0x00000000000000b8       0x38 objs/hw_config.o
 .debug_ranges  0x00000000000000f0       0x20 objs/spi.o
 .debug_ranges  0x0000000000000110       0x90 objs/stm32f10x_it.o
 .debug_ranges  0x00000000000001a0       0x28 objs/configmenu.o
 .debug_ranges  0x00000000000001c8       0x30 objs/main.o
 .debug_ranges  0x00000000000001f8       0x28 objs/system_stm32f10x.o
 .debug_ranges  0x0000000000000220       0x38 objs/eeprom.o
 .debug_ranges  0x0000000000000258       0xa0 objs/i2c.o
 .debug_ranges  0x00000000000002f8       0x20 objs/usart.o
 .debug_ranges  0x0000000000000318       0xb8 objs/core_cm3.o
 .debug_ranges  0x00000000000003d0       0x20 objs/startup_stm32f10x_md.o
 .debug_ranges  0x00000000000003f0       0x10 /usr/lib/gcc/arm-none-eabi/4.8/../../../arm-none-eabi/lib/armv7-m/libg.a(lib_a-atexit.o)
 .debug_ranges  0x0000000000000400       0x10 /usr/lib/gcc/arm-none-eabi/4.8/../../../arm-none-eabi/lib/armv7-m/libg.a(lib_a-fini.o)
 .debug_ranges  0x0000000000000410       0x10 /usr/lib/gcc/arm-none-eabi/4.8/../../../arm-none-eabi/lib/armv7-m/libg.a(lib_a-init.o)
 .debug_ranges  0x0000000000000420       0x18 /usr/lib/gcc/arm-none-eabi/4.8/../../../arm-none-eabi/lib/armv7-m/libg.a(lib_a-malloc.o)
 .debug_ranges  0x0000000000000438       0x38 /usr/lib/gcc/arm-none-eabi/4.8/../../../arm-none-eabi/lib/armv7-m/libg.a(lib_a-mallocr.o)
 .debug_ranges  0x0000000000000470       0x18 /usr/lib/gcc/arm-none-eabi/4.8/../../../arm-none-eabi/lib/armv7-m/libg.a(lib_a-mlock.o)
 .debug_ranges  0x0000000000000488       0x10 /usr/lib/gcc/arm-none-eabi/4.8/../../../arm-none-eabi/lib/armv7-m/libg.a(lib_a-sbrkr.o)
 .debug_ranges  0x0000000000000498       0x10 /usr/lib/gcc/arm-none-eabi/4.8/../../../arm-none-eabi/lib/armv7-m/libg.a(lib_a-__atexit.o)
 .debug_ranges  0x00000000000004a8       0x38 /usr/lib/gcc/arm-none-eabi/4.8/../../../arm-none-eabi/lib/armv7-m/libg.a(lib_a-__call_atexit.o)
 .debug_ranges  0x00000000000004e0       0x18 /usr/lib/gcc/arm-none-eabi/4.8/../../../arm-none-eabi/lib/armv7-m/libg.a(lib_a-freer.o)
 .debug_ranges  0x00000000000004f8       0x30 /usr/lib/gcc/arm-none-eabi/4.8/../../../arm-none-eabi/lib/armv7-m/libg.a(lib_a-reent.o)

.debug_line     0x0000000000000000     0x2d92
 .debug_line    0x0000000000000000      0x290 objs/userio.o
 .debug_line    0x0000000000000290      0x1c0 objs/outputs.o
 .debug_line    0x0000000000000450      0x18f objs/midi.o
 .debug_line    0x00000000000005df       0x68 objs/syscalls.o
 .debug_line    0x0000000000000647      0x1fd objs/hw_config.o
 .debug_line    0x0000000000000844      0x22e objs/spi.o
 .debug_line    0x0000000000000a72      0x1ef objs/stm32f10x_it.o
 .debug_line    0x0000000000000c61      0x150 objs/configmenu.o
 .debug_line    0x0000000000000db1      0x23b objs/main.o
 .debug_line    0x0000000000000fec      0x19b objs/system_stm32f10x.o
 .debug_line    0x0000000000001187      0x224 objs/eeprom.o
 .debug_line    0x00000000000013ab      0x477 objs/i2c.o
 .debug_line    0x0000000000001822      0x1a3 objs/usart.o
 .debug_line    0x00000000000019c5      0x24e objs/core_cm3.o
 .debug_line    0x0000000000001c13       0x7a objs/startup_stm32f10x_md.o
 .debug_line    0x0000000000001c8d       0xba /usr/lib/gcc/arm-none-eabi/4.8/../../../arm-none-eabi/lib/armv7-m/libg.a(lib_a-atexit.o)
 .debug_line    0x0000000000001d47       0x9a /usr/lib/gcc/arm-none-eabi/4.8/../../../arm-none-eabi/lib/armv7-m/libg.a(lib_a-fini.o)
 .debug_line    0x0000000000001de1       0xe8 /usr/lib/gcc/arm-none-eabi/4.8/../../../arm-none-eabi/lib/armv7-m/libg.a(lib_a-impure.o)
 .debug_line    0x0000000000001ec9       0xb3 /usr/lib/gcc/arm-none-eabi/4.8/../../../arm-none-eabi/lib/armv7-m/libg.a(lib_a-init.o)
 .debug_line    0x0000000000001f7c      0x15e /usr/lib/gcc/arm-none-eabi/4.8/../../../arm-none-eabi/lib/armv7-m/libg.a(lib_a-malloc.o)
 .debug_line    0x00000000000020da      0x34b /usr/lib/gcc/arm-none-eabi/4.8/../../../arm-none-eabi/lib/armv7-m/libg.a(lib_a-mallocr.o)
 .debug_line    0x0000000000002425      0x106 /usr/lib/gcc/arm-none-eabi/4.8/../../../arm-none-eabi/lib/armv7-m/libg.a(lib_a-mlock.o)
 .debug_line    0x000000000000252b      0x152 /usr/lib/gcc/arm-none-eabi/4.8/../../../arm-none-eabi/lib/armv7-m/libg.a(lib_a-sbrkr.o)
 .debug_line    0x000000000000267d      0x186 /usr/lib/gcc/arm-none-eabi/4.8/../../../arm-none-eabi/lib/armv7-m/libg.a(lib_a-__atexit.o)
 .debug_line    0x0000000000002803      0x1c0 /usr/lib/gcc/arm-none-eabi/4.8/../../../arm-none-eabi/lib/armv7-m/libg.a(lib_a-__call_atexit.o)
 .debug_line    0x00000000000029c3      0x247 /usr/lib/gcc/arm-none-eabi/4.8/../../../arm-none-eabi/lib/armv7-m/libg.a(lib_a-freer.o)
 .debug_line    0x0000000000002c0a      0x188 /usr/lib/gcc/arm-none-eabi/4.8/../../../arm-none-eabi/lib/armv7-m/libg.a(lib_a-reent.o)

.debug_str      0x0000000000000000     0x23ef
 .debug_str     0x0000000000000000      0x8d6 objs/userio.o
                                        0x97e (size before relaxing)
 .debug_str     0x00000000000008d6      0x10a objs/outputs.o
                                        0x3db (size before relaxing)
 .debug_str     0x00000000000009e0       0x56 objs/midi.o
                                        0x343 (size before relaxing)
 .debug_str     0x0000000000000a36       0x3c objs/syscalls.o
                                        0x187 (size before relaxing)
 .debug_str     0x0000000000000a72      0x1a3 objs/hw_config.o
                                        0x78e (size before relaxing)
 .debug_str     0x0000000000000c15      0x253 objs/spi.o
                                        0x901 (size before relaxing)
 .debug_str     0x0000000000000e68      0x175 objs/stm32f10x_it.o
                                        0x2f7 (size before relaxing)
 .debug_str     0x0000000000000fdd       0x65 objs/configmenu.o
                                        0x24d (size before relaxing)
 .debug_str     0x0000000000001042      0x229 objs/main.o
                                        0x89f (size before relaxing)
 .debug_str     0x000000000000126b       0xfe objs/system_stm32f10x.o
                                        0x2e4 (size before relaxing)
 .debug_str     0x0000000000001369       0xc4 objs/eeprom.o
                                        0x414 (size before relaxing)
 .debug_str     0x000000000000142d      0x2c2 objs/i2c.o
                                        0xa55 (size before relaxing)
 .debug_str     0x00000000000016ef       0xd5 objs/usart.o
                                        0x7ad (size before relaxing)
 .debug_str     0x00000000000017c4      0x16e objs/core_cm3.o
                                        0x2fd (size before relaxing)
 .debug_str     0x0000000000001932      0x142 /usr/lib/gcc/arm-none-eabi/4.8/../../../arm-none-eabi/lib/armv7-m/libg.a(lib_a-atexit.o)
                                        0x1db (size before relaxing)
 .debug_str     0x0000000000001a74       0xc3 /usr/lib/gcc/arm-none-eabi/4.8/../../../arm-none-eabi/lib/armv7-m/libg.a(lib_a-fini.o)
                                        0x1d3 (size before relaxing)
 .debug_str     0x0000000000001b37      0x418 /usr/lib/gcc/arm-none-eabi/4.8/../../../arm-none-eabi/lib/armv7-m/libg.a(lib_a-impure.o)
                                        0x56f (size before relaxing)
 .debug_str     0x0000000000001f4f       0x8a /usr/lib/gcc/arm-none-eabi/4.8/../../../arm-none-eabi/lib/armv7-m/libg.a(lib_a-init.o)
                                        0x1fd (size before relaxing)
 .debug_str     0x0000000000001fd9       0x4a /usr/lib/gcc/arm-none-eabi/4.8/../../../arm-none-eabi/lib/armv7-m/libg.a(lib_a-malloc.o)
                                        0x583 (size before relaxing)
 .debug_str     0x0000000000002023      0x221 /usr/lib/gcc/arm-none-eabi/4.8/../../../arm-none-eabi/lib/armv7-m/libg.a(lib_a-mallocr.o)
                                        0x77e (size before relaxing)
 .debug_str     0x0000000000002244       0x42 /usr/lib/gcc/arm-none-eabi/4.8/../../../arm-none-eabi/lib/armv7-m/libg.a(lib_a-mlock.o)
                                        0x578 (size before relaxing)
 .debug_str     0x0000000000002286       0x2c /usr/lib/gcc/arm-none-eabi/4.8/../../../arm-none-eabi/lib/armv7-m/libg.a(lib_a-sbrkr.o)
                                        0x566 (size before relaxing)
 .debug_str     0x00000000000022b2       0x30 /usr/lib/gcc/arm-none-eabi/4.8/../../../arm-none-eabi/lib/armv7-m/libg.a(lib_a-__atexit.o)
                                        0x5b7 (size before relaxing)
 .debug_str     0x00000000000022e2       0x81 /usr/lib/gcc/arm-none-eabi/4.8/../../../arm-none-eabi/lib/armv7-m/libg.a(lib_a-__call_atexit.o)
                                        0x5cf (size before relaxing)
 .debug_str     0x0000000000002363       0x34 /usr/lib/gcc/arm-none-eabi/4.8/../../../arm-none-eabi/lib/armv7-m/libg.a(lib_a-freer.o)
                                        0x6c8 (size before relaxing)
 .debug_str     0x0000000000002397       0x58 /usr/lib/gcc/arm-none-eabi/4.8/../../../arm-none-eabi/lib/armv7-m/libg.a(lib_a-reent.o)
                                        0x58e (size before relaxing)

.debug_frame    0x0000000000000000      0xf30
 .debug_frame   0x0000000000000000      0x148 objs/userio.o
 .debug_frame   0x0000000000000148       0x88 objs/outputs.o
 .debug_frame   0x00000000000001d0       0x7c objs/midi.o
 .debug_frame   0x000000000000024c       0x2c objs/syscalls.o
 .debug_frame   0x0000000000000278       0xc8 objs/hw_config.o
 .debug_frame   0x0000000000000340       0x6c objs/spi.o
 .debug_frame   0x00000000000003ac      0x1c8 objs/stm32f10x_it.o
 .debug_frame   0x0000000000000574       0x88 objs/configmenu.o
 .debug_frame   0x00000000000005fc       0xac objs/main.o
 .debug_frame   0x00000000000006a8       0x80 objs/system_stm32f10x.o
 .debug_frame   0x0000000000000728       0xc4 objs/eeprom.o
 .debug_frame   0x00000000000007ec      0x240 objs/i2c.o
 .debug_frame   0x0000000000000a2c       0x6c objs/usart.o
 .debug_frame   0x0000000000000a98      0x248 objs/core_cm3.o
 .debug_frame   0x0000000000000ce0       0x20 /usr/lib/gcc/arm-none-eabi/4.8/../../../arm-none-eabi/lib/armv7-m/libg.a(lib_a-atexit.o)
 .debug_frame   0x0000000000000d00       0x2c /usr/lib/gcc/arm-none-eabi/4.8/../../../arm-none-eabi/lib/armv7-m/libg.a(lib_a-fini.o)
 .debug_frame   0x0000000000000d2c       0x2c /usr/lib/gcc/arm-none-eabi/4.8/../../../arm-none-eabi/lib/armv7-m/libg.a(lib_a-init.o)
 .debug_frame   0x0000000000000d58       0x30 /usr/lib/gcc/arm-none-eabi/4.8/../../../arm-none-eabi/lib/armv7-m/libg.a(lib_a-malloc.o)
 .debug_frame   0x0000000000000d88       0x38 /usr/lib/gcc/arm-none-eabi/4.8/../../../arm-none-eabi/lib/armv7-m/libg.a(lib_a-mallocr.o)
 .debug_frame   0x0000000000000dc0       0x30 /usr/lib/gcc/arm-none-eabi/4.8/../../../arm-none-eabi/lib/armv7-m/libg.a(lib_a-mlock.o)
 .debug_frame   0x0000000000000df0       0x2c /usr/lib/gcc/arm-none-eabi/4.8/../../../arm-none-eabi/lib/armv7-m/libg.a(lib_a-sbrkr.o)
 .debug_frame   0x0000000000000e1c       0x30 /usr/lib/gcc/arm-none-eabi/4.8/../../../arm-none-eabi/lib/armv7-m/libg.a(lib_a-__atexit.o)
 .debug_frame   0x0000000000000e4c       0x48 /usr/lib/gcc/arm-none-eabi/4.8/../../../arm-none-eabi/lib/armv7-m/libg.a(lib_a-__call_atexit.o)
 .debug_frame   0x0000000000000e94       0x54 /usr/lib/gcc/arm-none-eabi/4.8/../../../arm-none-eabi/lib/armv7-m/libg.a(lib_a-freer.o)
 .debug_frame   0x0000000000000ee8       0x48 /usr/lib/gcc/arm-none-eabi/4.8/../../../arm-none-eabi/lib/armv7-m/libg.a(lib_a-reent.o)

.debug_loc      0x0000000000000000     0x1719
 .debug_loc     0x0000000000000000       0x2c /usr/lib/gcc/arm-none-eabi/4.8/../../../arm-none-eabi/lib/armv7-m/libg.a(lib_a-atexit.o)
 .debug_loc     0x000000000000002c       0x5c /usr/lib/gcc/arm-none-eabi/4.8/../../../arm-none-eabi/lib/armv7-m/libg.a(lib_a-fini.o)
 .debug_loc     0x0000000000000088       0xae /usr/lib/gcc/arm-none-eabi/4.8/../../../arm-none-eabi/lib/armv7-m/libg.a(lib_a-init.o)
 .debug_loc     0x0000000000000136       0x58 /usr/lib/gcc/arm-none-eabi/4.8/../../../arm-none-eabi/lib/armv7-m/libg.a(lib_a-malloc.o)
 .debug_loc     0x000000000000018e      0xd1f /usr/lib/gcc/arm-none-eabi/4.8/../../../arm-none-eabi/lib/armv7-m/libg.a(lib_a-mallocr.o)
 .debug_loc     0x0000000000000ead       0x3f /usr/lib/gcc/arm-none-eabi/4.8/../../../arm-none-eabi/lib/armv7-m/libg.a(lib_a-sbrkr.o)
 .debug_loc     0x0000000000000eec      0x14d /usr/lib/gcc/arm-none-eabi/4.8/../../../arm-none-eabi/lib/armv7-m/libg.a(lib_a-__atexit.o)
 .debug_loc     0x0000000000001039      0x155 /usr/lib/gcc/arm-none-eabi/4.8/../../../arm-none-eabi/lib/armv7-m/libg.a(lib_a-__call_atexit.o)
 .debug_loc     0x000000000000118e      0x450 /usr/lib/gcc/arm-none-eabi/4.8/../../../arm-none-eabi/lib/armv7-m/libg.a(lib_a-freer.o)
 .debug_loc     0x00000000000015de      0x13b /usr/lib/gcc/arm-none-eabi/4.8/../../../arm-none-eabi/lib/armv7-m/libg.a(lib_a-reent.o)
